Archive member included to satisfy reference by file (symbol)

c:/st/stm32cubeide_1.10.1/stm32cubeide/plugins/com.st.stm32cube.ide.mcu.externaltools.gnu-tools-for-stm32.10.3-2021.10.win32_1.0.0.202111181127/tools/bin/../lib/gcc/arm-none-eabi/10.3.1/../../../../arm-none-eabi/lib/thumb/v7e-m+fp/hard\libc_nano.a(lib_a-errno.o)
                              ./Core/Src/syscalls.o (__errno)
c:/st/stm32cubeide_1.10.1/stm32cubeide/plugins/com.st.stm32cube.ide.mcu.externaltools.gnu-tools-for-stm32.10.3-2021.10.win32_1.0.0.202111181127/tools/bin/../lib/gcc/arm-none-eabi/10.3.1/../../../../arm-none-eabi/lib/thumb/v7e-m+fp/hard\libc_nano.a(lib_a-exit.o)
                              c:/st/stm32cubeide_1.10.1/stm32cubeide/plugins/com.st.stm32cube.ide.mcu.externaltools.gnu-tools-for-stm32.10.3-2021.10.win32_1.0.0.202111181127/tools/bin/../lib/gcc/arm-none-eabi/10.3.1/../../../../arm-none-eabi/lib/thumb/v7e-m+fp/hard/crt0.o (exit)
c:/st/stm32cubeide_1.10.1/stm32cubeide/plugins/com.st.stm32cube.ide.mcu.externaltools.gnu-tools-for-stm32.10.3-2021.10.win32_1.0.0.202111181127/tools/bin/../lib/gcc/arm-none-eabi/10.3.1/../../../../arm-none-eabi/lib/thumb/v7e-m+fp/hard\libc_nano.a(lib_a-impure.o)
                              c:/st/stm32cubeide_1.10.1/stm32cubeide/plugins/com.st.stm32cube.ide.mcu.externaltools.gnu-tools-for-stm32.10.3-2021.10.win32_1.0.0.202111181127/tools/bin/../lib/gcc/arm-none-eabi/10.3.1/../../../../arm-none-eabi/lib/thumb/v7e-m+fp/hard\libc_nano.a(lib_a-exit.o) (_global_impure_ptr)
c:/st/stm32cubeide_1.10.1/stm32cubeide/plugins/com.st.stm32cube.ide.mcu.externaltools.gnu-tools-for-stm32.10.3-2021.10.win32_1.0.0.202111181127/tools/bin/../lib/gcc/arm-none-eabi/10.3.1/../../../../arm-none-eabi/lib/thumb/v7e-m+fp/hard\libc_nano.a(lib_a-init.o)
                              c:/st/stm32cubeide_1.10.1/stm32cubeide/plugins/com.st.stm32cube.ide.mcu.externaltools.gnu-tools-for-stm32.10.3-2021.10.win32_1.0.0.202111181127/tools/bin/../lib/gcc/arm-none-eabi/10.3.1/../../../../arm-none-eabi/lib/thumb/v7e-m+fp/hard/crt0.o (__libc_init_array)
c:/st/stm32cubeide_1.10.1/stm32cubeide/plugins/com.st.stm32cube.ide.mcu.externaltools.gnu-tools-for-stm32.10.3-2021.10.win32_1.0.0.202111181127/tools/bin/../lib/gcc/arm-none-eabi/10.3.1/../../../../arm-none-eabi/lib/thumb/v7e-m+fp/hard\libc_nano.a(lib_a-memset.o)
                              c:/st/stm32cubeide_1.10.1/stm32cubeide/plugins/com.st.stm32cube.ide.mcu.externaltools.gnu-tools-for-stm32.10.3-2021.10.win32_1.0.0.202111181127/tools/bin/../lib/gcc/arm-none-eabi/10.3.1/../../../../arm-none-eabi/lib/thumb/v7e-m+fp/hard/crt0.o (memset)

Discarded input sections

 .text          0x0000000000000000        0x0 c:/st/stm32cubeide_1.10.1/stm32cubeide/plugins/com.st.stm32cube.ide.mcu.externaltools.gnu-tools-for-stm32.10.3-2021.10.win32_1.0.0.202111181127/tools/bin/../lib/gcc/arm-none-eabi/10.3.1/thumb/v7e-m+fp/hard/crti.o
 .data          0x0000000000000000        0x0 c:/st/stm32cubeide_1.10.1/stm32cubeide/plugins/com.st.stm32cube.ide.mcu.externaltools.gnu-tools-for-stm32.10.3-2021.10.win32_1.0.0.202111181127/tools/bin/../lib/gcc/arm-none-eabi/10.3.1/thumb/v7e-m+fp/hard/crti.o
 .bss           0x0000000000000000        0x0 c:/st/stm32cubeide_1.10.1/stm32cubeide/plugins/com.st.stm32cube.ide.mcu.externaltools.gnu-tools-for-stm32.10.3-2021.10.win32_1.0.0.202111181127/tools/bin/../lib/gcc/arm-none-eabi/10.3.1/thumb/v7e-m+fp/hard/crti.o
 .data          0x0000000000000000        0x4 c:/st/stm32cubeide_1.10.1/stm32cubeide/plugins/com.st.stm32cube.ide.mcu.externaltools.gnu-tools-for-stm32.10.3-2021.10.win32_1.0.0.202111181127/tools/bin/../lib/gcc/arm-none-eabi/10.3.1/thumb/v7e-m+fp/hard/crtbegin.o
 .rodata        0x0000000000000000       0x24 c:/st/stm32cubeide_1.10.1/stm32cubeide/plugins/com.st.stm32cube.ide.mcu.externaltools.gnu-tools-for-stm32.10.3-2021.10.win32_1.0.0.202111181127/tools/bin/../lib/gcc/arm-none-eabi/10.3.1/thumb/v7e-m+fp/hard/crtbegin.o
 .text          0x0000000000000000       0x7c c:/st/stm32cubeide_1.10.1/stm32cubeide/plugins/com.st.stm32cube.ide.mcu.externaltools.gnu-tools-for-stm32.10.3-2021.10.win32_1.0.0.202111181127/tools/bin/../lib/gcc/arm-none-eabi/10.3.1/../../../../arm-none-eabi/lib/thumb/v7e-m+fp/hard/crt0.o
 .data          0x0000000000000000        0x0 c:/st/stm32cubeide_1.10.1/stm32cubeide/plugins/com.st.stm32cube.ide.mcu.externaltools.gnu-tools-for-stm32.10.3-2021.10.win32_1.0.0.202111181127/tools/bin/../lib/gcc/arm-none-eabi/10.3.1/../../../../arm-none-eabi/lib/thumb/v7e-m+fp/hard/crt0.o
 .bss           0x0000000000000000        0x0 c:/st/stm32cubeide_1.10.1/stm32cubeide/plugins/com.st.stm32cube.ide.mcu.externaltools.gnu-tools-for-stm32.10.3-2021.10.win32_1.0.0.202111181127/tools/bin/../lib/gcc/arm-none-eabi/10.3.1/../../../../arm-none-eabi/lib/thumb/v7e-m+fp/hard/crt0.o
[...]
Memory Configuration

Name             Origin             Length             Attributes
CCMRAM           0x0000000010000000 0x0000000000010000 xrw
RAM              0x0000000020000000 0x0000000000020000 xrw
FLASH            0x0000000008000000 0x0000000000100000 xr
*default*        0x0000000000000000 0xffffffffffffffff

Linker script and memory map

LOAD c:/st/stm32cubeide_1.10.1/stm32cubeide/plugins/com.st.stm32cube.ide.mcu.externaltools.gnu-tools-for-stm32.10.3-2021.10.win32_1.0.0.202111181127/tools/bin/../lib/gcc/arm-none-eabi/10.3.1/thumb/v7e-m+fp/hard/crti.o
LOAD c:/st/stm32cubeide_1.10.1/stm32cubeide/plugins/com.st.stm32cube.ide.mcu.externaltools.gnu-tools-for-stm32.10.3-2021.10.win32_1.0.0.202111181127/tools/bin/../lib/gcc/arm-none-eabi/10.3.1/thumb/v7e-m+fp/hard/crtbegin.o
LOAD c:/st/stm32cubeide_1.10.1/stm32cubeide/plugins/com.st.stm32cube.ide.mcu.externaltools.gnu-tools-for-stm32.10.3-2021.10.win32_1.0.0.202111181127/tools/bin/../lib/gcc/arm-none-eabi/10.3.1/../../../../arm-none-eabi/lib/thumb/v7e-m+fp/hard/crt0.o
LOAD ./Core/Src/gpio.o
LOAD ./Core/Src/main.o
LOAD ./Core/Src/stm32f4xx_it.o
LOAD ./Core/Src/syscalls.o
LOAD ./Core/Src/sysmem.o
LOAD ./Core/Src/system_stm32f4xx.o
LOAD ./Core/Src/tim.o
LOAD ./Core/Startup/startup_stm32f407vgtx.o
LOAD ./Drivers/STM32F4xx_HAL_Driver/Src/stm32f4xx_ll_dma.o
LOAD ./Drivers/STM32F4xx_HAL_Driver/Src/stm32f4xx_ll_exti.o
LOAD ./Drivers/STM32F4xx_HAL_Driver/Src/stm32f4xx_ll_gpio.o
LOAD ./Drivers/STM32F4xx_HAL_Driver/Src/stm32f4xx_ll_rcc.o
LOAD ./Drivers/STM32F4xx_HAL_Driver/Src/stm32f4xx_ll_tim.o
LOAD ./Drivers/STM32F4xx_HAL_Driver/Src/stm32f4xx_ll_utils.o
START GROUP
LOAD c:/st/stm32cubeide_1.10.1/stm32cubeide/plugins/com.st.stm32cube.ide.mcu.externaltools.gnu-tools-for-stm32.10.3-2021.10.win32_1.0.0.202111181127/tools/bin/../lib/gcc/arm-none-eabi/10.3.1/../../../../arm-none-eabi/lib/thumb/v7e-m+fp/hard\libc_nano.a
LOAD c:/st/stm32cubeide_1.10.1/stm32cubeide/plugins/com.st.stm32cube.ide.mcu.externaltools.gnu-tools-for-stm32.10.3-2021.10.win32_1.0.0.202111181127/tools/bin/../lib/gcc/arm-none-eabi/10.3.1/../../../../arm-none-eabi/lib/thumb/v7e-m+fp/hard\libm.a
END GROUP
START GROUP
LOAD c:/st/stm32cubeide_1.10.1/stm32cubeide/plugins/com.st.stm32cube.ide.mcu.externaltools.gnu-tools-for-stm32.10.3-2021.10.win32_1.0.0.202111181127/tools/bin/../lib/gcc/arm-none-eabi/10.3.1/thumb/v7e-m+fp/hard\libgcc.a
LOAD c:/st/stm32cubeide_1.10.1/stm32cubeide/plugins/com.st.stm32cube.ide.mcu.externaltools.gnu-tools-for-stm32.10.3-2021.10.win32_1.0.0.202111181127/tools/bin/../lib/gcc/arm-none-eabi/10.3.1/../../../../arm-none-eabi/lib/thumb/v7e-m+fp/hard\libc_nano.a
END GROUP
START GROUP
LOAD c:/st/stm32cubeide_1.10.1/stm32cubeide/plugins/com.st.stm32cube.ide.mcu.externaltools.gnu-tools-for-stm32.10.3-2021.10.win32_1.0.0.202111181127/tools/bin/../lib/gcc/arm-none-eabi/10.3.1/thumb/v7e-m+fp/hard\libgcc.a
LOAD c:/st/stm32cubeide_1.10.1/stm32cubeide/plugins/com.st.stm32cube.ide.mcu.externaltools.gnu-tools-for-stm32.10.3-2021.10.win32_1.0.0.202111181127/tools/bin/../lib/gcc/arm-none-eabi/10.3.1/../../../../arm-none-eabi/lib/thumb/v7e-m+fp/hard\libc_nano.a
LOAD c:/st/stm32cubeide_1.10.1/stm32cubeide/plugins/com.st.stm32cube.ide.mcu.externaltools.gnu-tools-for-stm32.10.3-2021.10.win32_1.0.0.202111181127/tools/bin/../lib/gcc/arm-none-eabi/10.3.1/../../../../arm-none-eabi/lib/thumb/v7e-m+fp/hard\libnosys.a
END GROUP
START GROUP
LOAD c:/st/stm32cubeide_1.10.1/stm32cubeide/plugins/com.st.stm32cube.ide.mcu.externaltools.gnu-tools-for-stm32.10.3-2021.10.win32_1.0.0.202111181127/tools/bin/../lib/gcc/arm-none-eabi/10.3.1/thumb/v7e-m+fp/hard\libgcc.a
LOAD c:/st/stm32cubeide_1.10.1/stm32cubeide/plugins/com.st.stm32cube.ide.mcu.externaltools.gnu-tools-for-stm32.10.3-2021.10.win32_1.0.0.202111181127/tools/bin/../lib/gcc/arm-none-eabi/10.3.1/../../../../arm-none-eabi/lib/thumb/v7e-m+fp/hard\libc_nano.a
LOAD c:/st/stm32cubeide_1.10.1/stm32cubeide/plugins/com.st.stm32cube.ide.mcu.externaltools.gnu-tools-for-stm32.10.3-2021.10.win32_1.0.0.202111181127/tools/bin/../lib/gcc/arm-none-eabi/10.3.1/../../../../arm-none-eabi/lib/thumb/v7e-m+fp/hard\libnosys.a
END GROUP
LOAD c:/st/stm32cubeide_1.10.1/stm32cubeide/plugins/com.st.stm32cube.ide.mcu.externaltools.gnu-tools-for-stm32.10.3-2021.10.win32_1.0.0.202111181127/tools/bin/../lib/gcc/arm-none-eabi/10.3.1/thumb/v7e-m+fp/hard/crtend.o
LOAD c:/st/stm32cubeide_1.10.1/stm32cubeide/plugins/com.st.stm32cube.ide.mcu.externaltools.gnu-tools-for-stm32.10.3-2021.10.win32_1.0.0.202111181127/tools/bin/../lib/gcc/arm-none-eabi/10.3.1/thumb/v7e-m+fp/hard/crtn.o
                0x0000000020020000                _estack = (ORIGIN (RAM) + LENGTH (RAM))
                0x0000000000000200                _Min_Heap_Size = 0x200
                0x0000000000000400                _Min_Stack_Size = 0x400

.isr_vector     0x0000000008000000      0x188
                0x0000000008000000                . = ALIGN (0x4)
 *(.isr_vector)
 .isr_vector    0x0000000008000000      0x188 ./Core/Startup/startup_stm32f407vgtx.o
                0x0000000008000000                g_pfnVectors
                0x0000000008000188                . = ALIGN (0x4)

.text           0x0000000008000188     0x2040
                0x0000000008000188                . = ALIGN (0x4)
 *(.text)
 .text          0x0000000008000188       0x40 c:/st/stm32cubeide_1.10.1/stm32cubeide/plugins/com.st.stm32cube.ide.mcu.externaltools.gnu-tools-for-stm32.10.3-2021.10.win32_1.0.0.202111181127/tools/bin/../lib/gcc/arm-none-eabi/10.3.1/thumb/v7e-m+fp/hard/crtbegin.o
 *(.text*)
 .text.__NVIC_GetPriorityGrouping
                0x00000000080001c8       0x1c ./Core/Src/gpio.o
 .text.__NVIC_EnableIRQ
                0x00000000080001e4       0x3c ./Core/Src/gpio.o
 .text.__NVIC_SetPriority
                0x0000000008000220       0x54 ./Core/Src/gpio.o
 .text.NVIC_EncodePriority
                0x0000000008000274       0x66 ./Core/Src/gpio.o
 *fill*         0x00000000080002da        0x2 
 .text.LL_AHB1_GRP1_EnableClock
                0x00000000080002dc       0x30 ./Core/Src/gpio.o
 .text.LL_SYSCFG_SetEXTISource
                0x000000000800030c       0x5c ./Core/Src/gpio.o
 .text.LL_GPIO_SetPinMode
                0x0000000008000368       0x5e ./Core/Src/gpio.o
 .text.LL_GPIO_SetPinPull
                0x00000000080003c6       0x5e ./Core/Src/gpio.o
 .text.LL_GPIO_SetOutputPin
                0x0000000008000424       0x1c ./Core/Src/gpio.o
 .text.LL_GPIO_ResetOutputPin
                0x0000000008000440       0x1e ./Core/Src/gpio.o
 *fill*         0x000000000800045e        0x2 
 .text.MX_GPIO_Init
                0x0000000008000460      0x298 ./Core/Src/gpio.o
                0x0000000008000460                MX_GPIO_Init
 .text.__NVIC_SetPriorityGrouping
                0x00000000080006f8       0x48 ./Core/Src/main.o
 .text.LL_RCC_HSE_Enable
                0x0000000008000740       0x20 ./Core/Src/main.o
 .text.LL_RCC_HSE_IsReady
                0x0000000008000760       0x28 ./Core/Src/main.o
 .text.LL_RCC_SetSysClkSource
                0x0000000008000788       0x28 ./Core/Src/main.o
 .text.LL_RCC_GetSysClkSource
                0x00000000080007b0       0x1c ./Core/Src/main.o
 .text.LL_RCC_SetAHBPrescaler
                0x00000000080007cc       0x28 ./Core/Src/main.o
 .text.LL_RCC_SetAPB1Prescaler
                0x00000000080007f4       0x28 ./Core/Src/main.o
 .text.LL_RCC_SetAPB2Prescaler
                0x000000000800081c       0x28 ./Core/Src/main.o
 .text.LL_RCC_PLL_Enable
                0x0000000008000844       0x20 ./Core/Src/main.o
 .text.LL_RCC_PLL_IsReady
                0x0000000008000864       0x28 ./Core/Src/main.o
 .text.LL_RCC_PLL_ConfigDomain_SYS
                0x000000000800088c       0x4c ./Core/Src/main.o
 .text.LL_APB1_GRP1_EnableClock
                0x00000000080008d8       0x30 ./Core/Src/main.o
 .text.LL_APB2_GRP1_EnableClock
                0x0000000008000908       0x30 ./Core/Src/main.o
 .text.LL_FLASH_SetLatency
                0x0000000008000938       0x28 ./Core/Src/main.o
 .text.LL_FLASH_GetLatency
                0x0000000008000960       0x1c ./Core/Src/main.o
 .text.LL_PWR_SetRegulVoltageScaling
                0x000000000800097c       0x28 ./Core/Src/main.o
 .text.LL_TIM_EnableCounter
                0x00000000080009a4       0x20 ./Core/Src/main.o
 .text.LL_TIM_GetCounter
                0x00000000080009c4       0x18 ./Core/Src/main.o
 .text.LL_TIM_CC_EnableChannel
                0x00000000080009dc       0x22 ./Core/Src/main.o
 .text.LL_GPIO_TogglePin
                0x00000000080009fe       0x32 ./Core/Src/main.o
 .text.Buzzer_Start
                0x0000000008000a30       0x4c ./Core/Src/main.o
                0x0000000008000a30                Buzzer_Start
 .text.main     0x0000000008000a7c       0x9c ./Core/Src/main.o
                0x0000000008000a7c                main
 .text.SystemClock_Config
                0x0000000008000b18       0x8c ./Core/Src/main.o
                0x0000000008000b18                SystemClock_Config
 .text.LL_EXTI_IsActiveFlag_0_31
                0x0000000008000ba4       0x2c ./Core/Src/stm32f4xx_it.o
 .text.LL_EXTI_ClearFlag_0_31
                0x0000000008000bd0       0x20 ./Core/Src/stm32f4xx_it.o
 .text.LL_TIM_OC_SetCompareCH2
                0x0000000008000bf0       0x1c ./Core/Src/stm32f4xx_it.o
 .text.LL_TIM_OC_SetCompareCH3
                0x0000000008000c0c       0x1c ./Core/Src/stm32f4xx_it.o
 .text.LL_GPIO_SetOutputPin
                0x0000000008000c28       0x1c ./Core/Src/stm32f4xx_it.o
 .text.LL_GPIO_ResetOutputPin
                0x0000000008000c44       0x1e ./Core/Src/stm32f4xx_it.o
 .text.NMI_Handler
                0x0000000008000c62        0x6 ./Core/Src/stm32f4xx_it.o
                0x0000000008000c62                NMI_Handler
 .text.HardFault_Handler
                0x0000000008000c68        0x6 ./Core/Src/stm32f4xx_it.o
                0x0000000008000c68                HardFault_Handler
 .text.MemManage_Handler
                0x0000000008000c6e        0x6 ./Core/Src/stm32f4xx_it.o
                0x0000000008000c6e                MemManage_Handler
 .text.BusFault_Handler
                0x0000000008000c74        0x6 ./Core/Src/stm32f4xx_it.o
                0x0000000008000c74                BusFault_Handler
 .text.UsageFault_Handler
                0x0000000008000c7a        0x6 ./Core/Src/stm32f4xx_it.o
                0x0000000008000c7a                UsageFault_Handler
 .text.SVC_Handler
                0x0000000008000c80        0xe ./Core/Src/stm32f4xx_it.o
                0x0000000008000c80                SVC_Handler
 .text.DebugMon_Handler
                0x0000000008000c8e        0xe ./Core/Src/stm32f4xx_it.o
                0x0000000008000c8e                DebugMon_Handler
 .text.PendSV_Handler
                0x0000000008000c9c        0xe ./Core/Src/stm32f4xx_it.o
                0x0000000008000c9c                PendSV_Handler
 .text.SysTick_Handler
                0x0000000008000caa        0xe ./Core/Src/stm32f4xx_it.o
                0x0000000008000caa                SysTick_Handler
 .text.EXTI9_5_IRQHandler
                0x0000000008000cb8       0x58 ./Core/Src/stm32f4xx_it.o
                0x0000000008000cb8                EXTI9_5_IRQHandler
 .text.EXTI15_10_IRQHandler
                0x0000000008000d10       0x4c ./Core/Src/stm32f4xx_it.o
                0x0000000008000d10                EXTI15_10_IRQHandler
 .text.SystemInit
                0x0000000008000d5c       0x24 ./Core/Src/system_stm32f4xx.o
                0x0000000008000d5c                SystemInit
 .text.LL_AHB1_GRP1_EnableClock
                0x0000000008000d80       0x30 ./Core/Src/tim.o
 .text.LL_APB1_GRP1_EnableClock
                0x0000000008000db0       0x30 ./Core/Src/tim.o
 .text.LL_APB2_GRP1_EnableClock
                0x0000000008000de0       0x30 ./Core/Src/tim.o
 .text.LL_TIM_DisableARRPreload
                0x0000000008000e10       0x20 ./Core/Src/tim.o
 .text.LL_TIM_OC_DisableFast
                0x0000000008000e30       0x8c ./Core/Src/tim.o
 .text.LL_TIM_OC_EnablePreload
                0x0000000008000ebc       0x88 ./Core/Src/tim.o
 .text.LL_TIM_IC_SetActiveInput
                0x0000000008000f44       0x9c ./Core/Src/tim.o
 .text.LL_TIM_IC_SetPrescaler
                0x0000000008000fe0       0x9c ./Core/Src/tim.o
 .text.LL_TIM_IC_SetFilter
                0x000000000800107c       0x9c ./Core/Src/tim.o
 .text.LL_TIM_IC_SetPolarity
                0x0000000008001118       0x88 ./Core/Src/tim.o
 .text.LL_TIM_SetClockSource
                0x00000000080011a0       0x2a ./Core/Src/tim.o
 .text.LL_TIM_SetEncoderMode
                0x00000000080011ca       0x26 ./Core/Src/tim.o
 .text.LL_TIM_SetTriggerOutput
                0x00000000080011f0       0x26 ./Core/Src/tim.o
 .text.LL_TIM_DisableMasterSlaveMode
                0x0000000008001216       0x20 ./Core/Src/tim.o
 *fill*         0x0000000008001236        0x2 
 .text.MX_TIM2_Init
                0x0000000008001238      0x114 ./Core/Src/tim.o
                0x0000000008001238                MX_TIM2_Init
 .text.MX_TIM4_Init
                0x000000000800134c       0xf8 ./Core/Src/tim.o
                0x000000000800134c                MX_TIM4_Init
 .text.MX_TIM8_Init
                0x0000000008001444       0xfc ./Core/Src/tim.o
                0x0000000008001444                MX_TIM8_Init
 .text.Reset_Handler
                0x0000000008001540       0x50 ./Core/Startup/startup_stm32f407vgtx.o
                0x0000000008001540                Reset_Handler
 .text.Default_Handler
                0x0000000008001590        0x2 ./Core/Startup/startup_stm32f407vgtx.o
                0x0000000008001590                RTC_Alarm_IRQHandler
                0x0000000008001590                HASH_RNG_IRQHandler
                0x0000000008001590                EXTI2_IRQHandler
                0x0000000008001590                TIM8_CC_IRQHandler
                0x0000000008001590                TIM1_CC_IRQHandler
                0x0000000008001590                DMA2_Stream5_IRQHandler
                0x0000000008001590                DMA1_Stream5_IRQHandler
                0x0000000008001590                PVD_IRQHandler
                0x0000000008001590                SDIO_IRQHandler
                0x0000000008001590                TAMP_STAMP_IRQHandler
                0x0000000008001590                CAN2_RX1_IRQHandler
                0x0000000008001590                EXTI3_IRQHandler
                0x0000000008001590                TIM8_TRG_COM_TIM14_IRQHandler
                0x0000000008001590                TIM1_UP_TIM10_IRQHandler
                0x0000000008001590                TIM8_UP_TIM13_IRQHandler
                0x0000000008001590                I2C3_ER_IRQHandler
                0x0000000008001590                EXTI0_IRQHandler
                0x0000000008001590                I2C2_EV_IRQHandler
                0x0000000008001590                DMA1_Stream2_IRQHandler
                0x0000000008001590                CAN1_RX0_IRQHandler
                0x0000000008001590                FPU_IRQHandler
                0x0000000008001590                OTG_HS_WKUP_IRQHandler
                0x0000000008001590                CAN2_SCE_IRQHandler
                0x0000000008001590                DMA2_Stream2_IRQHandler
                0x0000000008001590                SPI1_IRQHandler
                0x0000000008001590                TIM6_DAC_IRQHandler
                0x0000000008001590                TIM1_BRK_TIM9_IRQHandler
                0x0000000008001590                DCMI_IRQHandler
                0x0000000008001590                CAN2_RX0_IRQHandler
                0x0000000008001590                DMA2_Stream3_IRQHandler
                0x0000000008001590                USART6_IRQHandler
                0x0000000008001590                USART3_IRQHandler
                0x0000000008001590                CAN1_RX1_IRQHandler
                0x0000000008001590                UART5_IRQHandler
                0x0000000008001590                DMA2_Stream0_IRQHandler
                0x0000000008001590                TIM4_IRQHandler
                0x0000000008001590                I2C1_EV_IRQHandler
                0x0000000008001590                DMA1_Stream6_IRQHandler
                0x0000000008001590                DMA1_Stream1_IRQHandler
                0x0000000008001590                UART4_IRQHandler
                0x0000000008001590                TIM3_IRQHandler
                0x0000000008001590                RCC_IRQHandler
                0x0000000008001590                TIM8_BRK_TIM12_IRQHandler
                0x0000000008001590                Default_Handler
                0x0000000008001590                ADC_IRQHandler
                0x0000000008001590                DMA1_Stream7_IRQHandler
                0x0000000008001590                TIM7_IRQHandler
                0x0000000008001590                CAN2_TX_IRQHandler
                0x0000000008001590                TIM5_IRQHandler
                0x0000000008001590                DMA2_Stream7_IRQHandler
                0x0000000008001590                I2C3_EV_IRQHandler
                0x0000000008001590                RTC_WKUP_IRQHandler
                0x0000000008001590                ETH_WKUP_IRQHandler
                0x0000000008001590                SPI2_IRQHandler
                0x0000000008001590                OTG_HS_EP1_IN_IRQHandler
                0x0000000008001590                DMA1_Stream0_IRQHandler
                0x0000000008001590                CAN1_TX_IRQHandler
                0x0000000008001590                EXTI4_IRQHandler
                0x0000000008001590                FSMC_IRQHandler
                0x0000000008001590                ETH_IRQHandler
                0x0000000008001590                OTG_HS_EP1_OUT_IRQHandler
                0x0000000008001590                WWDG_IRQHandler
                0x0000000008001590                TIM2_IRQHandler
                0x0000000008001590                OTG_FS_WKUP_IRQHandler
                0x0000000008001590                TIM1_TRG_COM_TIM11_IRQHandler
                0x0000000008001590                OTG_HS_IRQHandler
                0x0000000008001590                EXTI1_IRQHandler
                0x0000000008001590                USART2_IRQHandler
                0x0000000008001590                I2C2_ER_IRQHandler
                0x0000000008001590                DMA2_Stream1_IRQHandler
                0x0000000008001590                CAN1_SCE_IRQHandler
                0x0000000008001590                FLASH_IRQHandler
                0x0000000008001590                DMA2_Stream4_IRQHandler
                0x0000000008001590                USART1_IRQHandler
                0x0000000008001590                OTG_FS_IRQHandler
                0x0000000008001590                SPI3_IRQHandler
                0x0000000008001590                DMA1_Stream4_IRQHandler
                0x0000000008001590                I2C1_ER_IRQHandler
                0x0000000008001590                DMA2_Stream6_IRQHandler
                0x0000000008001590                DMA1_Stream3_IRQHandler
 *fill*         0x0000000008001592        0x2 
 .text.LL_EXTI_EnableIT_0_31
                0x0000000008001594       0x24 ./Drivers/STM32F4xx_HAL_Driver/Src/stm32f4xx_ll_exti.o
 .text.LL_EXTI_DisableIT_0_31
                0x00000000080015b8       0x28 ./Drivers/STM32F4xx_HAL_Driver/Src/stm32f4xx_ll_exti.o
 .text.LL_EXTI_EnableEvent_0_31
                0x00000000080015e0       0x24 ./Drivers/STM32F4xx_HAL_Driver/Src/stm32f4xx_ll_exti.o
 .text.LL_EXTI_DisableEvent_0_31
                0x0000000008001604       0x28 ./Drivers/STM32F4xx_HAL_Driver/Src/stm32f4xx_ll_exti.o
 .text.LL_EXTI_EnableRisingTrig_0_31
                0x000000000800162c       0x24 ./Drivers/STM32F4xx_HAL_Driver/Src/stm32f4xx_ll_exti.o
 .text.LL_EXTI_DisableRisingTrig_0_31
                0x0000000008001650       0x28 ./Drivers/STM32F4xx_HAL_Driver/Src/stm32f4xx_ll_exti.o
 .text.LL_EXTI_EnableFallingTrig_0_31
                0x0000000008001678       0x24 ./Drivers/STM32F4xx_HAL_Driver/Src/stm32f4xx_ll_exti.o
 .text.LL_EXTI_DisableFallingTrig_0_31
                0x000000000800169c       0x28 ./Drivers/STM32F4xx_HAL_Driver/Src/stm32f4xx_ll_exti.o
 .text.LL_EXTI_Init
                0x00000000080016c4      0x102 ./Drivers/STM32F4xx_HAL_Driver/Src/stm32f4xx_ll_exti.o
                0x00000000080016c4                LL_EXTI_Init
 .text.LL_GPIO_SetPinMode
                0x00000000080017c6       0x5e ./Drivers/STM32F4xx_HAL_Driver/Src/stm32f4xx_ll_gpio.o
 .text.LL_GPIO_SetPinOutputType
                0x0000000008001824       0x30 ./Drivers/STM32F4xx_HAL_Driver/Src/stm32f4xx_ll_gpio.o
 .text.LL_GPIO_SetPinSpeed
                0x0000000008001854       0x5e ./Drivers/STM32F4xx_HAL_Driver/Src/stm32f4xx_ll_gpio.o
 .text.LL_GPIO_SetPinPull
                0x00000000080018b2       0x5e ./Drivers/STM32F4xx_HAL_Driver/Src/stm32f4xx_ll_gpio.o
 .text.LL_GPIO_SetAFPin_0_7
                0x0000000008001910       0x5e ./Drivers/STM32F4xx_HAL_Driver/Src/stm32f4xx_ll_gpio.o
 .text.LL_GPIO_SetAFPin_8_15
                0x000000000800196e       0x62 ./Drivers/STM32F4xx_HAL_Driver/Src/stm32f4xx_ll_gpio.o
 .text.LL_GPIO_Init
                0x00000000080019d0       0xe6 ./Drivers/STM32F4xx_HAL_Driver/Src/stm32f4xx_ll_gpio.o
                0x00000000080019d0                LL_GPIO_Init
 .text.LL_TIM_SetPrescaler
                0x0000000008001ab6       0x1c ./Drivers/STM32F4xx_HAL_Driver/Src/stm32f4xx_ll_tim.o
 .text.LL_TIM_SetAutoReload
                0x0000000008001ad2       0x1c ./Drivers/STM32F4xx_HAL_Driver/Src/stm32f4xx_ll_tim.o
 .text.LL_TIM_SetRepetitionCounter
                0x0000000008001aee       0x1c ./Drivers/STM32F4xx_HAL_Driver/Src/stm32f4xx_ll_tim.o
 .text.LL_TIM_OC_SetCompareCH1
                0x0000000008001b0a       0x1c ./Drivers/STM32F4xx_HAL_Driver/Src/stm32f4xx_ll_tim.o
 .text.LL_TIM_OC_SetCompareCH2
                0x0000000008001b26       0x1c ./Drivers/STM32F4xx_HAL_Driver/Src/stm32f4xx_ll_tim.o
 .text.LL_TIM_OC_SetCompareCH3
                0x0000000008001b42       0x1c ./Drivers/STM32F4xx_HAL_Driver/Src/stm32f4xx_ll_tim.o
 .text.LL_TIM_OC_SetCompareCH4
                0x0000000008001b5e       0x1c ./Drivers/STM32F4xx_HAL_Driver/Src/stm32f4xx_ll_tim.o
 .text.LL_TIM_GenerateEvent_UPDATE
                0x0000000008001b7a       0x20 ./Drivers/STM32F4xx_HAL_Driver/Src/stm32f4xx_ll_tim.o
 *fill*         0x0000000008001b9a        0x2 
 .text.LL_TIM_Init
                0x0000000008001b9c      0x134 ./Drivers/STM32F4xx_HAL_Driver/Src/stm32f4xx_ll_tim.o
                0x0000000008001b9c                LL_TIM_Init
 .text.LL_TIM_OC_Init
                0x0000000008001cd0       0x82 ./Drivers/STM32F4xx_HAL_Driver/Src/stm32f4xx_ll_tim.o
                0x0000000008001cd0                LL_TIM_OC_Init
 *fill*         0x0000000008001d52        0x2 
 .text.OC1Config
                0x0000000008001d54       0xd8 ./Drivers/STM32F4xx_HAL_Driver/Src/stm32f4xx_ll_tim.o
 .text.OC2Config
                0x0000000008001e2c       0xe0 ./Drivers/STM32F4xx_HAL_Driver/Src/stm32f4xx_ll_tim.o
 .text.OC3Config
                0x0000000008001f0c       0xe0 ./Drivers/STM32F4xx_HAL_Driver/Src/stm32f4xx_ll_tim.o
 .text.OC4Config
                0x0000000008001fec       0xb0 ./Drivers/STM32F4xx_HAL_Driver/Src/stm32f4xx_ll_tim.o
 .text.LL_InitTick
                0x000000000800209c       0x34 ./Drivers/STM32F4xx_HAL_Driver/Src/stm32f4xx_ll_utils.o
 .text.LL_Init1msTick
                0x00000000080020d0       0x1a ./Drivers/STM32F4xx_HAL_Driver/Src/stm32f4xx_ll_utils.o
                0x00000000080020d0                LL_Init1msTick
 *fill*         0x00000000080020ea        0x2 
 .text.LL_mDelay
                0x00000000080020ec       0x4c ./Drivers/STM32F4xx_HAL_Driver/Src/stm32f4xx_ll_utils.o
                0x00000000080020ec                LL_mDelay
 .text.LL_SetSystemCoreClock
                0x0000000008002138       0x20 ./Drivers/STM32F4xx_HAL_Driver/Src/stm32f4xx_ll_utils.o
                0x0000000008002138                LL_SetSystemCoreClock
 .text.__libc_init_array
                0x0000000008002158       0x48 c:/st/stm32cubeide_1.10.1/stm32cubeide/plugins/com.st.stm32cube.ide.mcu.externaltools.gnu-tools-for-stm32.10.3-2021.10.win32_1.0.0.202111181127/tools/bin/../lib/gcc/arm-none-eabi/10.3.1/../../../../arm-none-eabi/lib/thumb/v7e-m+fp/hard\libc_nano.a(lib_a-init.o)
                0x0000000008002158                __libc_init_array
 .text.memset   0x00000000080021a0       0x10 c:/st/stm32cubeide_1.10.1/stm32cubeide/plugins/com.st.stm32cube.ide.mcu.externaltools.gnu-tools-for-stm32.10.3-2021.10.win32_1.0.0.202111181127/tools/bin/../lib/gcc/arm-none-eabi/10.3.1/../../../../arm-none-eabi/lib/thumb/v7e-m+fp/hard\libc_nano.a(lib_a-memset.o)
                0x00000000080021a0                memset
 *(.glue_7)
 .glue_7        0x00000000080021b0        0x0 linker stubs
 *(.glue_7t)
 .glue_7t       0x00000000080021b0        0x0 linker stubs
 *(.eh_frame)
 .eh_frame      0x00000000080021b0        0x0 c:/st/stm32cubeide_1.10.1/stm32cubeide/plugins/com.st.stm32cube.ide.mcu.externaltools.gnu-tools-for-stm32.10.3-2021.10.win32_1.0.0.202111181127/tools/bin/../lib/gcc/arm-none-eabi/10.3.1/thumb/v7e-m+fp/hard/crtbegin.o
 *(.init)
 .init          0x00000000080021b0        0x4 c:/st/stm32cubeide_1.10.1/stm32cubeide/plugins/com.st.stm32cube.ide.mcu.externaltools.gnu-tools-for-stm32.10.3-2021.10.win32_1.0.0.202111181127/tools/bin/../lib/gcc/arm-none-eabi/10.3.1/thumb/v7e-m+fp/hard/crti.o
                0x00000000080021b0                _init
 .init          0x00000000080021b4        0x8 c:/st/stm32cubeide_1.10.1/stm32cubeide/plugins/com.st.stm32cube.ide.mcu.externaltools.gnu-tools-for-stm32.10.3-2021.10.win32_1.0.0.202111181127/tools/bin/../lib/gcc/arm-none-eabi/10.3.1/thumb/v7e-m+fp/hard/crtn.o
 *(.fini)
 .fini          0x00000000080021bc        0x4 c:/st/stm32cubeide_1.10.1/stm32cubeide/plugins/com.st.stm32cube.ide.mcu.externaltools.gnu-tools-for-stm32.10.3-2021.10.win32_1.0.0.202111181127/tools/bin/../lib/gcc/arm-none-eabi/10.3.1/thumb/v7e-m+fp/hard/crti.o
                0x00000000080021bc                _fini
 .fini          0x00000000080021c0        0x8 c:/st/stm32cubeide_1.10.1/stm32cubeide/plugins/com.st.stm32cube.ide.mcu.externaltools.gnu-tools-for-stm32.10.3-2021.10.win32_1.0.0.202111181127/tools/bin/../lib/gcc/arm-none-eabi/10.3.1/thumb/v7e-m+fp/hard/crtn.o
                0x00000000080021c8                . = ALIGN (0x4)
                0x00000000080021c8                _etext = .

.vfp11_veneer   0x00000000080021c8        0x0
 .vfp11_veneer  0x00000000080021c8        0x0 linker stubs

.v4_bx          0x00000000080021c8        0x0
 .v4_bx         0x00000000080021c8        0x0 linker stubs

.iplt           0x00000000080021c8        0x0
 .iplt          0x00000000080021c8        0x0 c:/st/stm32cubeide_1.10.1/stm32cubeide/plugins/com.st.stm32cube.ide.mcu.externaltools.gnu-tools-for-stm32.10.3-2021.10.win32_1.0.0.202111181127/tools/bin/../lib/gcc/arm-none-eabi/10.3.1/thumb/v7e-m+fp/hard/crtbegin.o

.rodata         0x00000000080021c8       0x20
                0x00000000080021c8                . = ALIGN (0x4)
 *(.rodata)
 *(.rodata*)
 .rodata.OFFSET_TAB_CCMRx
                0x00000000080021c8        0x7 ./Core/Src/tim.o
 *fill*         0x00000000080021cf        0x1 
 .rodata.SHIFT_TAB_OCxx
                0x00000000080021d0        0x7 ./Core/Src/tim.o
 *fill*         0x00000000080021d7        0x1 
 .rodata.SHIFT_TAB_ICxx
                0x00000000080021d8        0x7 ./Core/Src/tim.o
 *fill*         0x00000000080021df        0x1 
 .rodata.SHIFT_TAB_CCxP
                0x00000000080021e0        0x7 ./Core/Src/tim.o
                0x00000000080021e8                . = ALIGN (0x4)
 *fill*         0x00000000080021e7        0x1 

.rel.dyn        0x00000000080021e8        0x0
 .rel.iplt      0x00000000080021e8        0x0 c:/st/stm32cubeide_1.10.1/stm32cubeide/plugins/com.st.stm32cube.ide.mcu.externaltools.gnu-tools-for-stm32.10.3-2021.10.win32_1.0.0.202111181127/tools/bin/../lib/gcc/arm-none-eabi/10.3.1/thumb/v7e-m+fp/hard/crtbegin.o

.ARM.extab      0x00000000080021e8        0x0
                0x00000000080021e8                . = ALIGN (0x4)
 *(.ARM.extab* .gnu.linkonce.armextab.*)
                0x00000000080021e8                . = ALIGN (0x4)

.ARM            0x00000000080021e8        0x0
                0x00000000080021e8                . = ALIGN (0x4)
                0x00000000080021e8                __exidx_start = .
 *(.ARM.exidx*)
                0x00000000080021e8                __exidx_end = .
                0x00000000080021e8                . = ALIGN (0x4)

.preinit_array  0x00000000080021e8        0x0
                0x00000000080021e8                . = ALIGN (0x4)
                0x00000000080021e8                PROVIDE (__preinit_array_start = .)
 *(.preinit_array*)
                0x00000000080021e8                PROVIDE (__preinit_array_end = .)
                0x00000000080021e8                . = ALIGN (0x4)

.init_array     0x00000000080021e8        0x4
                0x00000000080021e8                . = ALIGN (0x4)
                0x00000000080021e8                PROVIDE (__init_array_start = .)
 *(SORT_BY_NAME(.init_array.*))
 *(.init_array*)
 .init_array    0x00000000080021e8        0x4 c:/st/stm32cubeide_1.10.1/stm32cubeide/plugins/com.st.stm32cube.ide.mcu.externaltools.gnu-tools-for-stm32.10.3-2021.10.win32_1.0.0.202111181127/tools/bin/../lib/gcc/arm-none-eabi/10.3.1/thumb/v7e-m+fp/hard/crtbegin.o
                0x00000000080021ec                PROVIDE (__init_array_end = .)
                0x00000000080021ec                . = ALIGN (0x4)

.fini_array     0x00000000080021ec        0x4
                0x00000000080021ec                . = ALIGN (0x4)
                [!provide]                        PROVIDE (__fini_array_start = .)
 *(SORT_BY_NAME(.fini_array.*))
 *(.fini_array*)
 .fini_array    0x00000000080021ec        0x4 c:/st/stm32cubeide_1.10.1/stm32cubeide/plugins/com.st.stm32cube.ide.mcu.externaltools.gnu-tools-for-stm32.10.3-2021.10.win32_1.0.0.202111181127/tools/bin/../lib/gcc/arm-none-eabi/10.3.1/thumb/v7e-m+fp/hard/crtbegin.o
                [!provide]                        PROVIDE (__fini_array_end = .)
                0x00000000080021f0                . = ALIGN (0x4)
                0x00000000080021f0                _sidata = LOADADDR (.data)

.data           0x0000000020000000        0x4 load address 0x00000000080021f0
                0x0000000020000000                . = ALIGN (0x4)
                0x0000000020000000                _sdata = .
 *(.data)
 *(.data*)
 .data.SystemCoreClock
                0x0000000020000000        0x4 ./Core/Src/system_stm32f4xx.o
                0x0000000020000000                SystemCoreClock
 *(.RamFunc)
 *(.RamFunc*)
                0x0000000020000004                . = ALIGN (0x4)
                0x0000000020000004                _edata = .
                0x00000000080021f4                _siccmram = LOADADDR (.ccmram)

.igot.plt       0x0000000020000004        0x0 load address 0x00000000080021f4
 .igot.plt      0x0000000020000004        0x0 c:/st/stm32cubeide_1.10.1/stm32cubeide/plugins/com.st.stm32cube.ide.mcu.externaltools.gnu-tools-for-stm32.10.3-2021.10.win32_1.0.0.202111181127/tools/bin/../lib/gcc/arm-none-eabi/10.3.1/thumb/v7e-m+fp/hard/crtbegin.o

.ccmram         0x0000000010000000        0x0 load address 0x00000000080021f4
                0x0000000010000000                . = ALIGN (0x4)
                0x0000000010000000                _sccmram = .
 *(.ccmram)
 *(.ccmram*)
                0x0000000010000000                . = ALIGN (0x4)
                0x0000000010000000                _eccmram = .
                0x0000000010000000                . = ALIGN (0x4)

.bss            0x0000000020000004       0x20
                0x0000000020000004                _sbss = .
                0x0000000020000004                __bss_start__ = _sbss
 *(.bss)
 .bss           0x0000000020000004       0x1c c:/st/stm32cubeide_1.10.1/stm32cubeide/plugins/com.st.stm32cube.ide.mcu.externaltools.gnu-tools-for-stm32.10.3-2021.10.win32_1.0.0.202111181127/tools/bin/../lib/gcc/arm-none-eabi/10.3.1/thumb/v7e-m+fp/hard/crtbegin.o
 *(.bss*)
 .bss.flag_from_interapt
                0x0000000020000020        0x1 ./Core/Src/main.o
                0x0000000020000020                flag_from_interapt
 *(COMMON)
                0x0000000020000024                . = ALIGN (0x4)
 *fill*         0x0000000020000021        0x3 
                0x0000000020000024                _ebss = .
                0x0000000020000024                __bss_end__ = _ebss

._user_heap_stack
                0x0000000020000024      0x604
                0x0000000020000028                . = ALIGN (0x8)
 *fill*         0x0000000020000024        0x4 
                [!provide]                        PROVIDE (end = .)
                0x0000000020000028                PROVIDE (_end = .)
                0x0000000020000228                . = (. + _Min_Heap_Size)
 *fill*         0x0000000020000028      0x200 
                0x0000000020000628                . = (. + _Min_Stack_Size)
 *fill*         0x0000000020000228      0x400 
                0x0000000020000628                . = ALIGN (0x8)

/DISCARD/
 libc.a(*)
 libm.a(*)
 libgcc.a(*)

.ARM.attributes
                0x0000000000000000       0x30
 *(.ARM.attributes)
 .ARM.attributes
                0x0000000000000000       0x1e c:/st/stm32cubeide_1.10.1/stm32cubeide/plugins/com.st.stm32cube.ide.mcu.externaltools.gnu-tools-for-stm32.10.3-2021.10.win32_1.0.0.202111181127/tools/bin/../lib/gcc/arm-none-eabi/10.3.1/thumb/v7e-m+fp/hard/crti.o
 .ARM.attributes
                0x000000000000001e       0x34 c:/st/stm32cubeide_1.10.1/stm32cubeide/plugins/com.st.stm32cube.ide.mcu.externaltools.gnu-tools-for-stm32.10.3-2021.10.win32_1.0.0.202111181127/tools/bin/../lib/gcc/arm-none-eabi/10.3.1/thumb/v7e-m+fp/hard/crtbegin.o
 .ARM.attributes
                0x0000000000000052       0x34 ./Core/Src/gpio.o
 .ARM.attributes
                0x0000000000000086       0x34 ./Core/Src/main.o
 .ARM.attributes
                0x00000000000000ba       0x34 ./Core/Src/stm32f4xx_it.o
 .ARM.attributes
                0x00000000000000ee       0x34 ./Core/Src/system_stm32f4xx.o
 .ARM.attributes
                0x0000000000000122       0x34 ./Core/Src/tim.o
 .ARM.attributes
                0x0000000000000156       0x21 ./Core/Startup/startup_stm32f407vgtx.o
 .ARM.attributes
                0x0000000000000177       0x34 ./Drivers/STM32F4xx_HAL_Driver/Src/stm32f4xx_ll_exti.o
 .ARM.attributes
                0x00000000000001ab       0x34 ./Drivers/STM32F4xx_HAL_Driver/Src/stm32f4xx_ll_gpio.o
 .ARM.attributes
                0x00000000000001df       0x34 ./Drivers/STM32F4xx_HAL_Driver/Src/stm32f4xx_ll_tim.o
 .ARM.attributes
                0x0000000000000213       0x34 ./Drivers/STM32F4xx_HAL_Driver/Src/stm32f4xx_ll_utils.o
 .ARM.attributes
                0x0000000000000247       0x34 c:/st/stm32cubeide_1.10.1/stm32cubeide/plugins/com.st.stm32cube.ide.mcu.externaltools.gnu-tools-for-stm32.10.3-2021.10.win32_1.0.0.202111181127/tools/bin/../lib/gcc/arm-none-eabi/10.3.1/../../../../arm-none-eabi/lib/thumb/v7e-m+fp/hard\libc_nano.a(lib_a-init.o)
 .ARM.attributes
                0x000000000000027b       0x34 c:/st/stm32cubeide_1.10.1/stm32cubeide/plugins/com.st.stm32cube.ide.mcu.externaltools.gnu-tools-for-stm32.10.3-2021.10.win32_1.0.0.202111181127/tools/bin/../lib/gcc/arm-none-eabi/10.3.1/../../../../arm-none-eabi/lib/thumb/v7e-m+fp/hard\libc_nano.a(lib_a-memset.o)
 .ARM.attributes
                0x00000000000002af       0x1e c:/st/stm32cubeide_1.10.1/stm32cubeide/plugins/com.st.stm32cube.ide.mcu.externaltools.gnu-tools-for-stm32.10.3-2021.10.win32_1.0.0.202111181127/tools/bin/../lib/gcc/arm-none-eabi/10.3.1/thumb/v7e-m+fp/hard/crtn.o
OUTPUT(Tester.elf elf32-littlearm)
LOAD linker stubs
LOAD c:/st/stm32cubeide_1.10.1/stm32cubeide/plugins/com.st.stm32cube.ide.mcu.externaltools.gnu-tools-for-stm32.10.3-2021.10.win32_1.0.0.202111181127/tools/bin/../lib/gcc/arm-none-eabi/10.3.1/../../../../arm-none-eabi/lib/thumb/v7e-m+fp/hard\libc.a
LOAD c:/st/stm32cubeide_1.10.1/stm32cubeide/plugins/com.st.stm32cube.ide.mcu.externaltools.gnu-tools-for-stm32.10.3-2021.10.win32_1.0.0.202111181127/tools/bin/../lib/gcc/arm-none-eabi/10.3.1/../../../../arm-none-eabi/lib/thumb/v7e-m+fp/hard\libm.a
LOAD c:/st/stm32cubeide_1.10.1/stm32cubeide/plugins/com.st.stm32cube.ide.mcu.externaltools.gnu-tools-for-stm32.10.3-2021.10.win32_1.0.0.202111181127/tools/bin/../lib/gcc/arm-none-eabi/10.3.1/thumb/v7e-m+fp/hard\libgcc.a

.debug_info     0x0000000000000000     0x54f5
 .debug_info    0x0000000000000000      0xe13 ./Core/Src/gpio.o
 .debug_info    0x0000000000000e13      0xc02 ./Core/Src/main.o
 .debug_info    0x0000000000001a15      0x5c2 ./Core/Src/stm32f4xx_it.o
 .debug_info    0x0000000000001fd7      0x51c ./Core/Src/system_stm32f4xx.o
 .debug_info    0x00000000000024f3      0xb76 ./Core/Src/tim.o
 .debug_info    0x0000000000003069       0x22 ./Core/Startup/startup_stm32f407vgtx.o
 .debug_info    0x000000000000308b      0x35f ./Drivers/STM32F4xx_HAL_Driver/Src/stm32f4xx_ll_exti.o
 .debug_info    0x00000000000033ea      0x841 ./Drivers/STM32F4xx_HAL_Driver/Src/stm32f4xx_ll_gpio.o
 .debug_info    0x0000000000003c2b      0xf87 ./Drivers/STM32F4xx_HAL_Driver/Src/stm32f4xx_ll_tim.o
 .debug_info    0x0000000000004bb2      0x943 ./Drivers/STM32F4xx_HAL_Driver/Src/stm32f4xx_ll_utils.o

.debug_abbrev   0x0000000000000000     0x105c
 .debug_abbrev  0x0000000000000000      0x26a ./Core/Src/gpio.o
 .debug_abbrev  0x000000000000026a      0x223 ./Core/Src/main.o
 .debug_abbrev  0x000000000000048d      0x167 ./Core/Src/stm32f4xx_it.o
 .debug_abbrev  0x00000000000005f4      0x116 ./Core/Src/system_stm32f4xx.o
 .debug_abbrev  0x000000000000070a      0x191 ./Core/Src/tim.o
 .debug_abbrev  0x000000000000089b       0x12 ./Core/Startup/startup_stm32f407vgtx.o
 .debug_abbrev  0x00000000000008ad      0x183 ./Drivers/STM32F4xx_HAL_Driver/Src/stm32f4xx_ll_exti.o
 .debug_abbrev  0x0000000000000a30      0x20e ./Drivers/STM32F4xx_HAL_Driver/Src/stm32f4xx_ll_gpio.o
 .debug_abbrev  0x0000000000000c3e      0x205 ./Drivers/STM32F4xx_HAL_Driver/Src/stm32f4xx_ll_tim.o
 .debug_abbrev  0x0000000000000e43      0x219 ./Drivers/STM32F4xx_HAL_Driver/Src/stm32f4xx_ll_utils.o

.debug_aranges  0x0000000000000000      0x5e0
 .debug_aranges
                0x0000000000000000       0x70 ./Core/Src/gpio.o
 .debug_aranges
                0x0000000000000070       0xe0 ./Core/Src/main.o
 .debug_aranges
                0x0000000000000150       0xa0 ./Core/Src/stm32f4xx_it.o
 .debug_aranges
                0x00000000000001f0       0x28 ./Core/Src/system_stm32f4xx.o
 .debug_aranges
                0x0000000000000218       0xa0 ./Core/Src/tim.o
 .debug_aranges
                0x00000000000002b8       0x28 ./Core/Startup/startup_stm32f407vgtx.o
 .debug_aranges
                0x00000000000002e0       0x70 ./Drivers/STM32F4xx_HAL_Driver/Src/stm32f4xx_ll_exti.o
 .debug_aranges
                0x0000000000000350       0x70 ./Drivers/STM32F4xx_HAL_Driver/Src/stm32f4xx_ll_gpio.o
 .debug_aranges
                0x00000000000003c0      0x128 ./Drivers/STM32F4xx_HAL_Driver/Src/stm32f4xx_ll_tim.o
 .debug_aranges
                0x00000000000004e8       0xf8 ./Drivers/STM32F4xx_HAL_Driver/Src/stm32f4xx_ll_utils.o

.debug_ranges   0x0000000000000000      0x548
 .debug_ranges  0x0000000000000000       0x60 ./Core/Src/gpio.o
 .debug_ranges  0x0000000000000060       0xd0 ./Core/Src/main.o
 .debug_ranges  0x0000000000000130       0x90 ./Core/Src/stm32f4xx_it.o
 .debug_ranges  0x00000000000001c0       0x18 ./Core/Src/system_stm32f4xx.o
 .debug_ranges  0x00000000000001d8       0x90 ./Core/Src/tim.o
 .debug_ranges  0x0000000000000268       0x20 ./Core/Startup/startup_stm32f407vgtx.o
 .debug_ranges  0x0000000000000288       0x60 ./Drivers/STM32F4xx_HAL_Driver/Src/stm32f4xx_ll_exti.o
 .debug_ranges  0x00000000000002e8       0x60 ./Drivers/STM32F4xx_HAL_Driver/Src/stm32f4xx_ll_gpio.o
 .debug_ranges  0x0000000000000348      0x118 ./Drivers/STM32F4xx_HAL_Driver/Src/stm32f4xx_ll_tim.o
 .debug_ranges  0x0000000000000460       0xe8 ./Drivers/STM32F4xx_HAL_Driver/Src/stm32f4xx_ll_utils.o

.debug_macro    0x0000000000000000    0x1b4ab
 .debug_macro   0x0000000000000000      0x147 ./Core/Src/gpio.o
 .debug_macro   0x0000000000000147      0xaba ./Core/Src/gpio.o
 .debug_macro   0x0000000000000c01       0x2e ./Core/Src/gpio.o
 .debug_macro   0x0000000000000c2f       0x2f ./Core/Src/gpio.o
 .debug_macro   0x0000000000000c5e       0x22 ./Core/Src/gpio.o
 .debug_macro   0x0000000000000c80       0x8e ./Core/Src/gpio.o
 .debug_macro   0x0000000000000d0e       0x51 ./Core/Src/gpio.o
 .debug_macro   0x0000000000000d5f      0x103 ./Core/Src/gpio.o
 .debug_macro   0x0000000000000e62       0x6a ./Core/Src/gpio.o
 .debug_macro   0x0000000000000ecc      0x1df ./Core/Src/gpio.o
 .debug_macro   0x00000000000010ab       0x1c ./Core/Src/gpio.o
 .debug_macro   0x00000000000010c7       0x22 ./Core/Src/gpio.o
 .debug_macro   0x00000000000010e9       0xd9 ./Core/Src/gpio.o
 .debug_macro   0x00000000000011c2     0x102d ./Core/Src/gpio.o
 .debug_macro   0x00000000000021ef      0x11f ./Core/Src/gpio.o
 .debug_macro   0x000000000000230e    0x15e82 ./Core/Src/gpio.o
 .debug_macro   0x0000000000018190       0x6d ./Core/Src/gpio.o
 .debug_macro   0x00000000000181fd      0x77b ./Core/Src/gpio.o
 .debug_macro   0x0000000000018978      0x1d5 ./Core/Src/gpio.o
 .debug_macro   0x0000000000018b4d      0x20a ./Core/Src/gpio.o
 .debug_macro   0x0000000000018d57       0xe8 ./Core/Src/gpio.o
 .debug_macro   0x0000000000018e3f      0x1a6 ./Core/Src/gpio.o
 .debug_macro   0x0000000000018fe5       0x61 ./Core/Src/gpio.o
 .debug_macro   0x0000000000019046       0xaa ./Core/Src/gpio.o
 .debug_macro   0x00000000000190f0      0x1e6 ./Core/Src/gpio.o
 .debug_macro   0x00000000000192d6      0x5f3 ./Core/Src/gpio.o
 .debug_macro   0x00000000000198c9      0x149 ./Core/Src/gpio.o
 .debug_macro   0x0000000000019a12       0xee ./Core/Src/gpio.o
 .debug_macro   0x0000000000019b00      0x155 ./Core/Src/main.o
 .debug_macro   0x0000000000019c55      0x147 ./Core/Src/stm32f4xx_it.o
 .debug_macro   0x0000000000019d9c       0xce ./Core/Src/system_stm32f4xx.o
 .debug_macro   0x0000000000019e6a      0x147 ./Core/Src/tim.o
 .debug_macro   0x0000000000019fb1       0xf5 ./Drivers/STM32F4xx_HAL_Driver/Src/stm32f4xx_ll_exti.o
 .debug_macro   0x000000000001a0a6       0xe2 ./Drivers/STM32F4xx_HAL_Driver/Src/stm32f4xx_ll_exti.o
 .debug_macro   0x000000000001a188      0x110 ./Drivers/STM32F4xx_HAL_Driver/Src/stm32f4xx_ll_gpio.o
 .debug_macro   0x000000000001a298      0x143 ./Drivers/STM32F4xx_HAL_Driver/Src/stm32f4xx_ll_gpio.o
 .debug_macro   0x000000000001a3db      0x159 ./Drivers/STM32F4xx_HAL_Driver/Src/stm32f4xx_ll_tim.o
 .debug_macro   0x000000000001a534      0x5ed ./Drivers/STM32F4xx_HAL_Driver/Src/stm32f4xx_ll_tim.o
 .debug_macro   0x000000000001ab21      0x1ae ./Drivers/STM32F4xx_HAL_Driver/Src/stm32f4xx_ll_utils.o
 .debug_macro   0x000000000001accf       0x5b ./Drivers/STM32F4xx_HAL_Driver/Src/stm32f4xx_ll_utils.o
 .debug_macro   0x000000000001ad2a      0x781 ./Drivers/STM32F4xx_HAL_Driver/Src/stm32f4xx_ll_utils.o

.debug_line     0x0000000000000000     0x4a22
 .debug_line    0x0000000000000000      0x838 ./Core/Src/gpio.o
 .debug_line    0x0000000000000838      0x8fb ./Core/Src/main.o
 .debug_line    0x0000000000001133      0x737 ./Core/Src/stm32f4xx_it.o
 .debug_line    0x000000000000186a      0x4e7 ./Core/Src/system_stm32f4xx.o
 .debug_line    0x0000000000001d51      0xa6d ./Core/Src/tim.o
 .debug_line    0x00000000000027be       0x88 ./Core/Startup/startup_stm32f407vgtx.o
 .debug_line    0x0000000000002846      0x5ff ./Drivers/STM32F4xx_HAL_Driver/Src/stm32f4xx_ll_exti.o
 .debug_line    0x0000000000002e45      0x75a ./Drivers/STM32F4xx_HAL_Driver/Src/stm32f4xx_ll_gpio.o
 .debug_line    0x000000000000359f      0xad9 ./Drivers/STM32F4xx_HAL_Driver/Src/stm32f4xx_ll_tim.o
 .debug_line    0x0000000000004078      0x9aa ./Drivers/STM32F4xx_HAL_Driver/Src/stm32f4xx_ll_utils.o

.debug_str      0x0000000000000000    0x9880f
 .debug_str     0x0000000000000000    0x94e7e ./Core/Src/gpio.o
                                      0x95074 (size before relaxing)
 .debug_str     0x0000000000094e7e      0x348 ./Core/Src/main.o
                                      0x94c6a (size before relaxing)
 .debug_str     0x00000000000951c6      0x17f ./Core/Src/stm32f4xx_it.o
                                      0x9494b (size before relaxing)
 .debug_str     0x0000000000095345       0x77 ./Core/Src/system_stm32f4xx.o
                                      0x88256 (size before relaxing)
 .debug_str     0x00000000000953bc      0x243 ./Core/Src/tim.o
                                      0x94c0c (size before relaxing)
 .debug_str     0x00000000000955ff       0x36 ./Core/Startup/startup_stm32f407vgtx.o
                                         0x70 (size before relaxing)
 .debug_str     0x0000000000095635      0x312 ./Drivers/STM32F4xx_HAL_Driver/Src/stm32f4xx_ll_exti.o
                                      0x888fc (size before relaxing)
 .debug_str     0x0000000000095947      0x62a ./Drivers/STM32F4xx_HAL_Driver/Src/stm32f4xx_ll_gpio.o
                                      0x89c76 (size before relaxing)
 .debug_str     0x0000000000095f71     0x1219 ./Drivers/STM32F4xx_HAL_Driver/Src/stm32f4xx_ll_tim.o
                                      0x8d386 (size before relaxing)
 .debug_str     0x000000000009718a     0x1685 ./Drivers/STM32F4xx_HAL_Driver/Src/stm32f4xx_ll_utils.o
                                      0x8eefe (size before relaxing)

.comment        0x0000000000000000       0x50
 .comment       0x0000000000000000       0x50 ./Core/Src/gpio.o
                                         0x51 (size before relaxing)
 .comment       0x0000000000000050       0x51 ./Core/Src/main.o
 .comment       0x0000000000000050       0x51 ./Core/Src/stm32f4xx_it.o
 .comment       0x0000000000000050       0x51 ./Core/Src/system_stm32f4xx.o
 .comment       0x0000000000000050       0x51 ./Core/Src/tim.o
 .comment       0x0000000000000050       0x51 ./Drivers/STM32F4xx_HAL_Driver/Src/stm32f4xx_ll_exti.o
 .comment       0x0000000000000050       0x51 ./Drivers/STM32F4xx_HAL_Driver/Src/stm32f4xx_ll_gpio.o
 .comment       0x0000000000000050       0x51 ./Drivers/STM32F4xx_HAL_Driver/Src/stm32f4xx_ll_tim.o
 .comment       0x0000000000000050       0x51 ./Drivers/STM32F4xx_HAL_Driver/Src/stm32f4xx_ll_utils.o

.debug_frame    0x0000000000000000     0x1778
 .debug_frame   0x0000000000000000      0x1c0 ./Core/Src/gpio.o
 .debug_frame   0x00000000000001c0      0x38c ./Core/Src/main.o
 .debug_frame   0x000000000000054c      0x230 ./Core/Src/stm32f4xx_it.o
 .debug_frame   0x000000000000077c       0x58 ./Core/Src/system_stm32f4xx.o
 .debug_frame   0x00000000000007d4      0x2ac ./Core/Src/tim.o
 .debug_frame   0x0000000000000a80      0x1bc ./Drivers/STM32F4xx_HAL_Driver/Src/stm32f4xx_ll_exti.o
 .debug_frame   0x0000000000000c3c      0x1c0 ./Drivers/STM32F4xx_HAL_Driver/Src/stm32f4xx_ll_gpio.o
 .debug_frame   0x0000000000000dfc      0x538 ./Drivers/STM32F4xx_HAL_Driver/Src/stm32f4xx_ll_tim.o
 .debug_frame   0x0000000000001334      0x3f8 ./Drivers/STM32F4xx_HAL_Driver/Src/stm32f4xx_ll_utils.o
 .debug_frame   0x000000000000172c       0x2c c:/st/stm32cubeide_1.10.1/stm32cubeide/plugins/com.st.stm32cube.ide.mcu.externaltools.gnu-tools-for-stm32.10.3-2021.10.win32_1.0.0.202111181127/tools/bin/../lib/gcc/arm-none-eabi/10.3.1/../../../../arm-none-eabi/lib/thumb/v7e-m+fp/hard\libc_nano.a(lib_a-init.o)
 .debug_frame   0x0000000000001758       0x20 c:/st/stm32cubeide_1.10.1/stm32cubeide/plugins/com.st.stm32cube.ide.mcu.externaltools.gnu-tools-for-stm32.10.3-2021.10.win32_1.0.0.202111181127/tools/bin/../lib/gcc/arm-none-eabi/10.3.1/../../../../arm-none-eabi/lib/thumb/v7e-m+fp/hard\libc_nano.a(lib_a-memset.o)
